The system is: Linux - shell-init: 获取当前目录时出错: getcwd: 无法访问父目录: 没有那个文件或目录
5.4.0-150-generic - shell-init: 获取当前目录时出错: getcwd: 无法访问父目录: 没有那个文件或目录
x86_64
Determining if the C compiler works passed with the following output:
Change Dir: /data/zzs/CppWebServer/build/CMakeFiles/CMakeTmp

Run Build Command:"/usr/bin/make" "cmTC_b6f3a/fast"
/usr/bin/make -f CMakeFiles/cmTC_b6f3a.dir/build.make CMakeFiles/cmTC_b6f3a.dir/build
make[1]: 进入目录“/data/zzs/CppWebServer/build/CMakeFiles/CMakeTmp”
Building C object CMakeFiles/cmTC_b6f3a.dir/testCCompiler.c.o
/usr/bin/gcc    -o CMakeFiles/cmTC_b6f3a.dir/testCCompiler.c.o   -c /data/zzs/CppWebServer/build/CMakeFiles/CMakeTmp/testCCompiler.c
Linking C executable cmTC_b6f3a
/usr/bin/cmake -E cmake_link_script CMakeFiles/cmTC_b6f3a.dir/link.txt --verbose=1
/usr/bin/gcc      CMakeFiles/cmTC_b6f3a.dir/testCCompiler.c.o  -o cmTC_b6f3a 
make[1]: 离开目录“/data/zzs/CppWebServer/build/CMakeFiles/CMakeTmp”


Detecting C compiler ABI info compiled with the following output:
Change Dir: /data/zzs/CppWebServer/build/CMakeFiles/CMakeTmp

Run Build Command:"/usr/bin/make" "cmTC_a68f7/fast"
/usr/bin/make -f CMakeFiles/cmTC_a68f7.dir/build.make CMakeFiles/cmTC_a68f7.dir/build
make[1]: 进入目录“/data/zzs/CppWebServer/build/CMakeFiles/CMakeTmp”
Building C object CMakeFiles/cmTC_a68f7.dir/CMakeCCompilerABI.c.o
/usr/bin/gcc    -o CMakeFiles/cmTC_a68f7.dir/CMakeCCompilerABI.c.o   -c /usr/share/cmake-3.10/Modules/CMakeCCompilerABI.c
Linking C executable cmTC_a68f7
/usr/bin/cmake -E cmake_link_script CMakeFiles/cmTC_a68f7.dir/link.txt --verbose=1
/usr/bin/gcc      CMakeFiles/cmTC_a68f7.dir/CMakeCCompilerABI.c.o  -o cmTC_a68f7 
make[1]: 离开目录“/data/zzs/CppWebServer/build/CMakeFiles/CMakeTmp”


Determining if the CXX compiler works passed with the following output:
Change Dir: /data/zzs/CppWebServer/build/CMakeFiles/CMakeTmp

Run Build Command:"/usr/bin/make" "cmTC_276ce/fast"
/usr/bin/make -f CMakeFiles/cmTC_276ce.dir/build.make CMakeFiles/cmTC_276ce.dir/build
make[1]: 进入目录“/data/zzs/CppWebServer/build/CMakeFiles/CMakeTmp”
Building CXX object CMakeFiles/cmTC_276ce.dir/testCXXCompiler.cxx.o
/usr/bin/g++     -o CMakeFiles/cmTC_276ce.dir/testCXXCompiler.cxx.o -c /data/zzs/CppWebServer/build/CMakeFiles/CMakeTmp/testCXXCompiler.cxx
Linking CXX executable cmTC_276ce
/usr/bin/cmake -E cmake_link_script CMakeFiles/cmTC_276ce.dir/link.txt --verbose=1
/usr/bin/g++       CMakeFiles/cmTC_276ce.dir/testCXXCompiler.cxx.o  -o cmTC_276ce 
make[1]: 离开目录“/data/zzs/CppWebServer/build/CMakeFiles/CMakeTmp”


Detecting CXX compiler ABI info compiled with the following output:
Change Dir: /data/zzs/CppWebServer/build/CMakeFiles/CMakeTmp

Run Build Command:"/usr/bin/make" "cmTC_a648e/fast"
/usr/bin/make -f CMakeFiles/cmTC_a648e.dir/build.make CMakeFiles/cmTC_a648e.dir/build
make[1]: 进入目录“/data/zzs/CppWebServer/build/CMakeFiles/CMakeTmp”
Building CXX object CMakeFiles/cmTC_a648e.dir/CMakeCXXCompilerABI.cpp.o
/usr/bin/g++     -o CMakeFiles/cmTC_a648e.dir/CMakeCXXCompilerABI.cpp.o -c /usr/share/cmake-3.10/Modules/CMakeCXXCompilerABI.cpp
Linking CXX executable cmTC_a648e
/usr/bin/cmake -E cmake_link_script CMakeFiles/cmTC_a648e.dir/link.txt --verbose=1
/usr/bin/g++       CMakeFiles/cmTC_a648e.dir/CMakeCXXCompilerABI.cpp.o  -o cmTC_a648e 
make[1]: 离开目录“/data/zzs/CppWebServer/build/CMakeFiles/CMakeTmp”


Determining if the include file pthread.h exists passed with the following output:
Change Dir: /data/zzs/CppWebServer/build/CMakeFiles/CMakeTmp

Run Build Command:"/usr/bin/make" "cmTC_670a0/fast"
/usr/bin/make -f CMakeFiles/cmTC_670a0.dir/build.make CMakeFiles/cmTC_670a0.dir/build
make[1]: 进入目录“/data/zzs/CppWebServer/build/CMakeFiles/CMakeTmp”
Building C object CMakeFiles/cmTC_670a0.dir/CheckIncludeFile.c.o
/usr/bin/gcc    -o CMakeFiles/cmTC_670a0.dir/CheckIncludeFile.c.o   -c /data/zzs/CppWebServer/build/CMakeFiles/CMakeTmp/CheckIncludeFile.c
Linking C executable cmTC_670a0
/usr/bin/cmake -E cmake_link_script CMakeFiles/cmTC_670a0.dir/link.txt --verbose=1
/usr/bin/gcc      CMakeFiles/cmTC_670a0.dir/CheckIncludeFile.c.o  -o cmTC_670a0 
make[1]: 离开目录“/data/zzs/CppWebServer/build/CMakeFiles/CMakeTmp”


Determining if the function pthread_create exists in the pthread passed with the following output:
Change Dir: /data/zzs/CppWebServer/build/CMakeFiles/CMakeTmp

Run Build Command:"/usr/bin/make" "cmTC_cba2f/fast"
/usr/bin/make -f CMakeFiles/cmTC_cba2f.dir/build.make CMakeFiles/cmTC_cba2f.dir/build
make[1]: 进入目录“/data/zzs/CppWebServer/build/CMakeFiles/CMakeTmp”
Building C object CMakeFiles/cmTC_cba2f.dir/CheckFunctionExists.c.o
/usr/bin/gcc   -DCHECK_FUNCTION_EXISTS=pthread_create   -o CMakeFiles/cmTC_cba2f.dir/CheckFunctionExists.c.o   -c /usr/share/cmake-3.10/Modules/CheckFunctionExists.c
Linking C executable cmTC_cba2f
/usr/bin/cmake -E cmake_link_script CMakeFiles/cmTC_cba2f.dir/link.txt --verbose=1
/usr/bin/gcc  -DCHECK_FUNCTION_EXISTS=pthread_create    CMakeFiles/cmTC_cba2f.dir/CheckFunctionExists.c.o  -o cmTC_cba2f -lpthread 
make[1]: 离开目录“/data/zzs/CppWebServer/build/CMakeFiles/CMakeTmp”


