Compiling the C compiler identification source file "CMakeCCompilerId.c" failed.
Compiler: /usr/bin/gcc 
Build flags: 
Id flags:  

The output was:
No such file or directory


Compiling the C compiler identification source file "CMakeCCompilerId.c" failed.
Compiler: /usr/bin/gcc 
Build flags: 
Id flags: -c 

The output was:
No such file or directory


Compiling the C compiler identification source file "CMakeCCompilerId.c" failed.
Compiler: /usr/bin/gcc 
Build flags: 
Id flags: -Aa 

The output was:
No such file or directory


Compiling the C compiler identification source file "CMakeCCompilerId.c" failed.
Compiler: /usr/bin/gcc 
Build flags: 
Id flags: -D__CLASSIC_C__ 

The output was:
No such file or directory


Compiling the C compiler identification source file "CMakeCCompilerId.c" failed.
Compiler: /usr/bin/gcc 
Build flags: 
Id flags:  

The output was:
No such file or directory


Compiling the C compiler identification source file "CMakeCCompilerId.c" failed.
Compiler: /usr/bin/gcc 
Build flags: 
Id flags: -c 

The output was:
No such file or directory


Compiling the C compiler identification source file "CMakeCCompilerId.c" failed.
Compiler: /usr/bin/gcc 
Build flags: 
Id flags: -Aa 

The output was:
No such file or directory


Compiling the C compiler identification source file "CMakeCCompilerId.c" failed.
Compiler: /usr/bin/gcc 
Build flags: 
Id flags: -D__CLASSIC_C__ 

The output was:
No such file or directory


Checking whether the C compiler is IAR using "" did not match "IAR .+ Compiler":
Checking whether the C compiler is IAR using "" did not match "IAR .+ Compiler":
Compiling the CXX compiler identification source file "CMakeCXXCompilerId.cpp" failed.
Compiler: /usr/bin/g++ 
Build flags: 
Id flags:  

The output was:
No such file or directory


Compiling the CXX compiler identification source file "CMakeCXXCompilerId.cpp" failed.
Compiler: /usr/bin/g++ 
Build flags: 
Id flags: -c 

The output was:
No such file or directory


Compiling the CXX compiler identification source file "CMakeCXXCompilerId.cpp" failed.
Compiler: /usr/bin/g++ 
Build flags: 
Id flags: --c++ 

The output was:
No such file or directory


Compiling the CXX compiler identification source file "CMakeCXXCompilerId.cpp" failed.
Compiler: /usr/bin/g++ 
Build flags: 
Id flags: --ec++ 

The output was:
No such file or directory


Compiling the CXX compiler identification source file "CMakeCXXCompilerId.cpp" failed.
Compiler: /usr/bin/g++ 
Build flags: 
Id flags:  

The output was:
No such file or directory


Compiling the CXX compiler identification source file "CMakeCXXCompilerId.cpp" failed.
Compiler: /usr/bin/g++ 
Build flags: 
Id flags: -c 

The output was:
No such file or directory


Compiling the CXX compiler identification source file "CMakeCXXCompilerId.cpp" failed.
Compiler: /usr/bin/g++ 
Build flags: 
Id flags: --c++ 

The output was:
No such file or directory


Compiling the CXX compiler identification source file "CMakeCXXCompilerId.cpp" failed.
Compiler: /usr/bin/g++ 
Build flags: 
Id flags: --ec++ 

The output was:
No such file or directory


Checking whether the CXX compiler is IAR using "" did not match "IAR .+ Compiler":
Checking whether the CXX compiler is IAR using "" did not match "IAR .+ Compiler":
Determining if the pthread_create exist failed with the following output:
Change Dir: /data/zzs/CppWebServer/build/CMakeFiles/CMakeTmp

Run Build Command:"/usr/bin/make" "cmTC_72f2d/fast"
/usr/bin/make -f CMakeFiles/cmTC_72f2d.dir/build.make CMakeFiles/cmTC_72f2d.dir/build
make[1]: 进入目录“/data/zzs/CppWebServer/build/CMakeFiles/CMakeTmp”
Building C object CMakeFiles/cmTC_72f2d.dir/CheckSymbolExists.c.o
/usr/bin/gcc    -o CMakeFiles/cmTC_72f2d.dir/CheckSymbolExists.c.o   -c /data/zzs/CppWebServer/build/CMakeFiles/CMakeTmp/CheckSymbolExists.c
Linking C executable cmTC_72f2d
/usr/bin/cmake -E cmake_link_script CMakeFiles/cmTC_72f2d.dir/link.txt --verbose=1
/usr/bin/gcc      CMakeFiles/cmTC_72f2d.dir/CheckSymbolExists.c.o  -o cmTC_72f2d 
CMakeFiles/cmTC_72f2d.dir/CheckSymbolExists.c.o：在函数‘main’中：
CheckSymbolExists.c:(.text+0x1b)：对‘pthread_create’未定义的引用
collect2: error: ld returned 1 exit status
CMakeFiles/cmTC_72f2d.dir/build.make:97: recipe for target 'cmTC_72f2d' failed
make[1]: *** [cmTC_72f2d] Error 1
make[1]: 离开目录“/data/zzs/CppWebServer/build/CMakeFiles/CMakeTmp”
Makefile:126: recipe for target 'cmTC_72f2d/fast' failed
make: *** [cmTC_72f2d/fast] Error 2

File /data/zzs/CppWebServer/build/CMakeFiles/CMakeTmp/CheckSymbolExists.c:
/* */
#include <pthread.h>

int main(int argc, char** argv)
{
  (void)argv;
#ifndef pthread_create
  return ((int*)(&pthread_create))[argc];
#else
  (void)argc;
  return 0;
#endif
}

Determining if the function pthread_create exists in the pthreads failed with the following output:
Change Dir: /data/zzs/CppWebServer/build/CMakeFiles/CMakeTmp

Run Build Command:"/usr/bin/make" "cmTC_2892d/fast"
/usr/bin/make -f CMakeFiles/cmTC_2892d.dir/build.make CMakeFiles/cmTC_2892d.dir/build
make[1]: 进入目录“/data/zzs/CppWebServer/build/CMakeFiles/CMakeTmp”
Building C object CMakeFiles/cmTC_2892d.dir/CheckFunctionExists.c.o
/usr/bin/gcc   -DCHECK_FUNCTION_EXISTS=pthread_create   -o CMakeFiles/cmTC_2892d.dir/CheckFunctionExists.c.o   -c /usr/share/cmake-3.10/Modules/CheckFunctionExists.c
Linking C executable cmTC_2892d
/usr/bin/cmake -E cmake_link_script CMakeFiles/cmTC_2892d.dir/link.txt --verbose=1
/usr/bin/gcc  -DCHECK_FUNCTION_EXISTS=pthread_create    CMakeFiles/cmTC_2892d.dir/CheckFunctionExists.c.o  -o cmTC_2892d -lpthreads 
/usr/bin/ld: 找不到 -lpthreads
collect2: error: ld returned 1 exit status
CMakeFiles/cmTC_2892d.dir/build.make:97: recipe for target 'cmTC_2892d' failed
make[1]: *** [cmTC_2892d] Error 1
make[1]: 离开目录“/data/zzs/CppWebServer/build/CMakeFiles/CMakeTmp”
Makefile:126: recipe for target 'cmTC_2892d/fast' failed
make: *** [cmTC_2892d/fast] Error 2


