19700216 20:42:10.816879Z 32699 INFO  HttpServer Listening on [ 127.0.0.1:1234 ] - HttpServer.cpp:28
19700216 20:42:15.816913Z 32699 INFO  Server alive
 - HttpServer.cpp:33
19700216 20:42:20.816979Z 32699 INFO  Server alive
 - HttpServer.cpp:33
19700216 20:42:21.453749Z 32699 INFO   HttpServer::OnNewConnection : new connection [fd#46] from 127.0.0.1:38736 - HttpServer.cpp:44
19700216 20:42:21.458039Z 32701 INFO   HttpServer::onMessageGET // HTTP/1.1
Host: 127.0.0.1:1234
User-Agent: Mozilla/5.0 (X11; Ubuntu; Linux x86_64; rv:109.0) Gecko/20100101 Firefox/113.0
Accept: text/html,application/xhtml+xml,application/xml;q=0.9,image/avif,image/webp,*/*;q=0.8
Accept-Language: zh-CN,zh;q=0.8,zh-TW;q=0.7,zh-HK;q=0.5,en-US;q=0.3,en;q=0.2
Accept-Encoding: gzip, deflate, br
Connection: keep-alive
Upgrade-Insecure-Requests: 1
Sec-Fetch-Dest: document
Sec-Fetch-Mode: navigate
Sec-Fetch-Site: none
Sec-Fetch-User: ?1

 - HttpServer.cpp:80
19700216 20:42:21.458127Z 32701 INFO   HttpServer::onMessage complete: 0 ok: 0 - HttpServer.cpp:85
19700216 20:42:21.458303Z 32699 INFO   TcpServer::HandleCloseInLoop - Remove connection id: 1 and fd: 46 - TcpServer.cpp:73
19700216 20:42:24.691154Z 32699 INFO   HttpServer::OnNewConnection : new connection [fd#46] from 127.0.0.1:54652 - HttpServer.cpp:44
19700216 20:42:24.796178Z 32702 INFO   HttpServer::onMessageGET //hello HTTP/1.1
Host: 127.0.0.1:1234
User-Agent: Mozilla/5.0 (X11; Ubuntu; Linux x86_64; rv:109.0) Gecko/20100101 Firefox/113.0
Accept: text/html,application/xhtml+xml,application/xml;q=0.9,image/avif,image/webp,*/*;q=0.8
Accept-Language: zh-CN,zh;q=0.8,zh-TW;q=0.7,zh-HK;q=0.5,en-US;q=0.3,en;q=0.2
Accept-Encoding: gzip, deflate, br
Connection: keep-alive
Upgrade-Insecure-Requests: 1
Sec-Fetch-Dest: document
Sec-Fetch-Mode: navigate
Sec-Fetch-Site: none
Sec-Fetch-User: ?1

 - HttpServer.cpp:80
19700216 20:42:24.796254Z 32702 INFO   HttpServer::onMessage complete: 0 ok: 0 - HttpServer.cpp:85
19700216 20:42:24.796344Z 32699 INFO   TcpServer::HandleCloseInLoop - Remove connection id: 2 and fd: 46 - TcpServer.cpp:73
19700216 20:42:25.817050Z 32699 INFO  Server alive
 - HttpServer.cpp:33
19700216 20:42:30.817180Z 32699 INFO  Server alive
 - HttpServer.cpp:33
19700216 20:42:35.817310Z 32699 INFO  Server alive
 - HttpServer.cpp:33
