19700216 20:40:22.191493Z 31465 INFO  HttpServer Listening on [ 127.0.0.1:1234 ] - HttpServer.cpp:28
19700216 20:40:27.191539Z 31465 INFO  Server alive
 - HttpServer.cpp:33
19700216 20:40:32.191619Z 31465 INFO  Server alive
 - HttpServer.cpp:33
19700216 20:40:35.336056Z 31465 INFO   HttpServer::OnNewConnection : new connection [fd#46] from 127.0.0.1:56524 - HttpServer.cpp:44
19700216 20:40:35.342879Z 31467 INFO   HttpServer::onMessageGET //hello HTTP/1.1
Host: 127.0.0.1:1234
User-Agent: Mozilla/5.0 (X11; Ubuntu; Linux x86_64; rv:109.0) Gecko/20100101 Firefox/113.0
Accept: text/html,application/xhtml+xml,application/xml;q=0.9,image/avif,image/webp,*/*;q=0.8
Accept-Language: zh-CN,zh;q=0.8,zh-TW;q=0.7,zh-HK;q=0.5,en-US;q=0.3,en;q=0.2
Accept-Encoding: gzip, deflate, br
Connection: keep-alive
Upgrade-Insecure-Requests: 1
Sec-Fetch-Dest: document
Sec-Fetch-Mode: navigate
Sec-Fetch-Site: none
Sec-Fetch-User: ?1

 - HttpServer.cpp:80
19700216 20:40:35.343061Z 31465 INFO   TcpServer::HandleCloseInLoop - Remove connection id: 1 and fd: 46 - TcpServer.cpp:73
19700216 20:40:37.191682Z 31465 INFO  Server alive
 - HttpServer.cpp:33
19700216 20:40:39.800693Z 31465 INFO   HttpServer::OnNewConnection : new connection [fd#46] from 127.0.0.1:56536 - HttpServer.cpp:44
19700216 20:40:39.806994Z 31468 INFO   HttpServer::onMessageGET // HTTP/1.1
Host: 127.0.0.1:1234
User-Agent: Mozilla/5.0 (X11; Ubuntu; Linux x86_64; rv:109.0) Gecko/20100101 Firefox/113.0
Accept: text/html,application/xhtml+xml,application/xml;q=0.9,image/avif,image/webp,*/*;q=0.8
Accept-Language: zh-CN,zh;q=0.8,zh-TW;q=0.7,zh-HK;q=0.5,en-US;q=0.3,en;q=0.2
Accept-Encoding: gzip, deflate, br
Connection: keep-alive
Upgrade-Insecure-Requests: 1
Sec-Fetch-Dest: document
Sec-Fetch-Mode: navigate
Sec-Fetch-Site: none
Sec-Fetch-User: ?1

 - HttpServer.cpp:80
19700216 20:40:39.807156Z 31465 INFO   TcpServer::HandleCloseInLoop - Remove connection id: 2 and fd: 46 - TcpServer.cpp:73
19700216 20:40:42.191742Z 31465 INFO  Server alive
 - HttpServer.cpp:33
19700216 20:40:47.191806Z 31465 INFO  Server alive
 - HttpServer.cpp:33
