19700217 03:41:07.777784Z 20584 INFO  HttpServer Listening on [ 127.0.0.1:1234 ] - HttpServer.cpp:28
19700217 03:41:12.777815Z 20584 INFO  Server alive
 - HttpServer.cpp:33
19700217 03:41:17.777945Z 20584 INFO  Server alive
 - HttpServer.cpp:33
19700217 03:41:22.778008Z 20584 INFO  Server alive
 - HttpServer.cpp:33
19700217 03:41:27.178926Z 20584 INFO   HttpServer::OnNewConnection : new connection [fd#46] from 127.0.0.1:33034 - HttpServer.cpp:44
19700217 03:41:27.186679Z 20586 INFO   HttpServer::onMessageGET //hello HTTP/1.1
Host: 127.0.0.1:1234
User-Agent: Mozilla/5.0 (X11; Ubuntu; Linux x86_64; rv:109.0) Gecko/20100101 Firefox/113.0
Accept: text/html,application/xhtml+xml,application/xml;q=0.9,image/avif,image/webp,*/*;q=0.8
Accept-Language: zh-CN,zh;q=0.8,zh-TW;q=0.7,zh-HK;q=0.5,en-US;q=0.3,en;q=0.2
Accept-Encoding: gzip, deflate, br
Connection: keep-alive
Upgrade-Insecure-Requests: 1
Sec-Fetch-Dest: document
Sec-Fetch-Mode: navigate
Sec-Fetch-Site: none
Sec-Fetch-User: ?1

 - HttpServer.cpp:80
19700217 03:41:27.186770Z 20586 INFO   HttpServer::onMessage complete: 1 ok: 1 - HttpServer.cpp:85
19700217 03:41:27.186773Z 20586 INFO  HttpServer::onRequest - HttpServer.cpp:107
19700217 03:41:27.186875Z 20586 INFO  HttpServer::onRequest : HandleClose - HttpServer.cpp:118
19700217 03:41:27.186916Z 20586 INFO   HttpServer::onMessage - HttpServer.cpp:80
19700217 03:41:27.186920Z 20586 INFO   HttpServer::onMessage complete: 0 ok: 1 - HttpServer.cpp:85
19700217 03:41:27.186993Z 20584 INFO   TcpServer::HandleCloseInLoop - Remove connection id: 1 and fd: 46 - TcpServer.cpp:73
19700217 03:41:27.778067Z 20584 INFO  Server alive
 - HttpServer.cpp:33
19700217 03:41:31.633582Z 20584 INFO   HttpServer::OnNewConnection : new connection [fd#46] from 127.0.0.1:57198 - HttpServer.cpp:44
19700217 03:41:31.639160Z 20587 INFO   HttpServer::onMessageGET // HTTP/1.1
Host: 127.0.0.1:1234
User-Agent: Mozilla/5.0 (X11; Ubuntu; Linux x86_64; rv:109.0) Gecko/20100101 Firefox/113.0
Accept: text/html,application/xhtml+xml,application/xml;q=0.9,image/avif,image/webp,*/*;q=0.8
Accept-Language: zh-CN,zh;q=0.8,zh-TW;q=0.7,zh-HK;q=0.5,en-US;q=0.3,en;q=0.2
Accept-Encoding: gzip, deflate, br
Connection: keep-alive
Upgrade-Insecure-Requests: 1
Sec-Fetch-Dest: document
Sec-Fetch-Mode: navigate
Sec-Fetch-Site: none
Sec-Fetch-User: ?1

 - HttpServer.cpp:80
19700217 03:41:31.639224Z 20587 INFO   HttpServer::onMessage complete: 1 ok: 1 - HttpServer.cpp:85
19700217 03:41:31.639226Z 20587 INFO  HttpServer::onRequest - HttpServer.cpp:107
19700217 03:41:31.639294Z 20587 INFO  HttpServer::onRequest : HandleClose - HttpServer.cpp:118
19700217 03:41:31.639323Z 20587 INFO   HttpServer::onMessage - HttpServer.cpp:80
19700217 03:41:31.639325Z 20587 INFO   HttpServer::onMessage complete: 0 ok: 1 - HttpServer.cpp:85
19700217 03:41:31.639338Z 20584 INFO   TcpServer::HandleCloseInLoop - Remove connection id: 2 and fd: 46 - TcpServer.cpp:73
19700217 03:41:32.778185Z 20584 INFO  Server alive
 - HttpServer.cpp:33
19700217 03:41:37.778260Z 20584 INFO  Server alive
 - HttpServer.cpp:33
